// Jest Snapshot v1, https://goo.gl/fbAQLP

exports[`<App /> Should Match SnapShot 1`] = `
<div
  className="App"
>
  <div
    className="StarWarsCharContainer"
  >
    <h1>
      React Wars
    </h1>
  </div>
</div>
`;
